../Core/Src/kalman.c:20:6:kalman_run	224	static
../Core/Src/kalman.c:73:13:StateVector_Construct	48	static
../Core/Src/kalman.c:83:20:ProcessNoiseMatrix_Construct	120	static
../Core/Src/kalman.c:89:23:ErrorCovarianceMatrix_Construct	120	static
../Core/Src/kalman.c:95:24:MeasurementNoiseMatrix_Construct	64	static
../Core/Src/kalman.c:101:16:MeasuredVector_Construct	48	static
../Core/Src/kalman.c:108:21:ResidualErrorVector_Construct	40	static
../Core/Src/kalman.c:119:18:PredictionMatrix_Construct	128	static
../Core/Src/kalman.c:139:18:KalmanGainMatrix_Construct	136	static
../Core/Src/kalman.c:188:12:isnan_f	16	static
../Core/Src/kalman.c:192:13:SanitizeStateVector	24	static
../Core/Src/kalman.c:204:13:SanitizeErrorCovariance	24	static
../Core/Src/kalman.c:216:22:ComputeCorrectedValues	56	static
../Core/Src/kalman.c:226:18:ComputeTrigValues	88	static
../Core/Src/kalman.c:246:13:FillIdentity	24	static
../Core/Src/kalman.c:254:13:ComputeErrorCovarianceMatrix	256	static
../Core/Src/kalman.c:284:13:UpdateStateVector	88	static
../Core/Src/kalman.c:317:13:UpdateErrorCovarianceMatrix	240	static
