../Core/Src/main.c:123:6:HAL_ADC_ConvCpltCallback	16	static
../Core/Src/main.c:137:6:HAL_SPI_RxCpltCallback	24	static
../Core/Src/main.c:160:13:IMU_WriteReg	24	static
../Core/Src/main.c:168:16:IMU_ReadReg	32	static
../Core/Src/main.c:179:13:DWT_Init	4	static
../Core/Src/main.c:186:14:ComputeKalmanDT	16	static
../Core/Src/main.c:203:5:main	424	static
../Core/Src/main.c:343:6:SystemClock_Config	88	static
../Core/Src/main.c:390:13:MX_ADC1_Init	56	static
../Core/Src/main.c:468:13:MX_ADC2_Init	40	static
../Core/Src/main.c:528:13:MX_I2C3_Init	8	static
../Core/Src/main.c:576:13:MX_SPI1_Init	8	static
../Core/Src/main.c:613:13:MX_TIM6_Init	24	static
../Core/Src/main.c:648:13:MX_TIM7_Init	24	static
../Core/Src/main.c:681:13:MX_DMA_Init	16	static
../Core/Src/main.c:706:13:MX_GPIO_Init	40	static
../Core/Src/main.c:741:6:Error_Handler	4	static,ignoring_inline_asm
