../Core/Src/main.c:135:6:HAL_ADC_ConvCpltCallback	16	static
../Core/Src/main.c:149:6:HAL_SPI_RxCpltCallback	24	static
../Core/Src/main.c:172:13:IMU_WriteReg	24	static
../Core/Src/main.c:180:16:IMU_ReadReg	32	static
../Core/Src/main.c:191:13:DWT_Init	4	static
../Core/Src/main.c:198:14:ComputeKalmanDT	16	static
../Core/Src/main.c:215:5:main	424	static
../Core/Src/main.c:371:6:SystemClock_Config	88	static
../Core/Src/main.c:418:13:MX_ADC1_Init	56	static
../Core/Src/main.c:496:13:MX_ADC2_Init	40	static
../Core/Src/main.c:556:13:MX_I2C3_Init	8	static
../Core/Src/main.c:604:13:MX_SPI1_Init	8	static
../Core/Src/main.c:641:13:MX_TIM6_Init	24	static
../Core/Src/main.c:676:13:MX_TIM7_Init	24	static
../Core/Src/main.c:709:13:MX_DMA_Init	16	static
../Core/Src/main.c:734:13:MX_GPIO_Init	40	static
../Core/Src/main.c:769:6:Error_Handler	4	static,ignoring_inline_asm
