../Core/Src/main.c:118:6:HAL_ADC_ConvCpltCallback	16	static
../Core/Src/main.c:132:13:IMU_WriteReg	24	static
../Core/Src/main.c:140:16:IMU_ReadReg	32	static
../Core/Src/main.c:150:13:IMU_ReadBurst	24	static
../Core/Src/main.c:160:13:DWT_Init	4	static
../Core/Src/main.c:167:14:ComputeKalmanDT	16	static
../Core/Src/main.c:183:5:main	424	static
../Core/Src/main.c:348:6:SystemClock_Config	88	static
../Core/Src/main.c:379:13:MX_ADC1_Init	56	static
../Core/Src/main.c:436:13:MX_ADC2_Init	40	static
../Core/Src/main.c:484:13:MX_SPI1_Init	8	static
../Core/Src/main.c:515:13:MX_TIM6_Init	24	static
../Core/Src/main.c:544:13:MX_TIM7_Init	24	static
../Core/Src/main.c:572:13:MX_DMA_Init	16	static
../Core/Src/main.c:589:13:MX_GPIO_Init	40	static
../Core/Src/main.c:619:6:Error_Handler	4	static,ignoring_inline_asm
