../Core/Src/main.c:140:6:HAL_ADC_ConvCpltCallback	16	static
../Core/Src/main.c:154:13:IMU_WriteReg	24	static
../Core/Src/main.c:162:16:IMU_ReadReg	32	static
../Core/Src/main.c:172:13:IMU_ReadBurst	24	static
../Core/Src/main.c:182:13:DWT_Init	4	static
../Core/Src/main.c:189:14:ComputeKalmanDT	16	static
../Core/Src/main.c:205:5:main	424	static
../Core/Src/main.c:395:6:SystemClock_Config	88	static
../Core/Src/main.c:426:13:MX_ADC1_Init	56	static
../Core/Src/main.c:483:13:MX_ADC2_Init	40	static
../Core/Src/main.c:531:13:MX_SPI1_Init	8	static
../Core/Src/main.c:562:13:MX_TIM6_Init	24	static
../Core/Src/main.c:591:13:MX_TIM7_Init	24	static
../Core/Src/main.c:619:13:MX_DMA_Init	16	static
../Core/Src/main.c:636:13:MX_GPIO_Init	40	static
../Core/Src/main.c:666:6:Error_Handler	4	static,ignoring_inline_asm
