../Core/Src/quadrature_output.c:31:18:QOutputAxisState_ConstructDefault	16	static
../Core/Src/quadrature_output.c:35:18:QOutputAxisState_Construct	72	static
../Core/Src/quadrature_output.c:54:6:QOutputAxisState_Initialize	32	static
../Core/Src/quadrature_output.c:72:6:QOutputAxisState_UpdateAxis	48	static
../Core/Src/quadrature_output.c:88:5:QOutputAxisState_AngleToPositionChange	40	static
../Core/Src/quadrature_output.c:94:6:QOutputAxisState_UpdateQuadratureStates	16	static
../Core/Src/quadrature_output.c:100:6:QOutputAxisState_GetQuadraturePattern	16	static
../Core/Src/quadrature_output.c:127:6:QOutputAxisState_ResetIndex	40	static
../Core/Src/quadrature_output.c:135:6:QOutputAxisState_SetCPR	24	static
../Core/Src/quadrature_output.c:147:6:QuadratureOutput_IsValidAxis	16	static
../Core/Src/quadrature_output.c:152:18:QuadratureOutput_ConstructDefault	16	static
../Core/Src/quadrature_output.c:156:18:QuadratureOutput_ConstructCPR	16	static
../Core/Src/quadrature_output.c:160:18:QuadratureOutput_Construct	184	static
../Core/Src/quadrature_output.c:171:6:QuadratureOutput_Initialize	32	static
../Core/Src/quadrature_output.c:180:6:QuadratureOutput_Update	40	static
../Core/Src/quadrature_output.c:215:24:QuadratureOutput_GetFormattedOutput	48	static
../Core/Src/quadrature_output.c:228:6:QuadratureOutput_GetFormattedOutputString	24	static
../Core/Src/quadrature_output.c:246:6:QuadratureOutput_SetNumAxes	16	static
../Core/Src/quadrature_output.c:252:6:QOutputAxisState_StepOne	16	static
